
> allo-oral-clinic---gest├úo@5.0.0 build
> next build

   Ôû▓ Next.js 15.5.9
   - Environments: .env.local, .env

   Creating an optimized production build ...
